[sindevo.com/minio/minimal/index.html]
[sindevo.com/minio/minimal/images/apple-touch-icon.png]
[sindevo.com/minio/minimal/images/apple-touch-startup-image-320x460.png]
[backblue.gif]
[fade.gif]
[index.html]
[sindevo.com/minio/minimal/css/framework7.css]
[sindevo.com/minio/minimal/style.css]
[sindevo.com/minio/minimal/css/swipebox.css]
[sindevo.com/minio/minimal/index-2.html]
[sindevo.com/minio/minimal/about.html]
[sindevo.com/minio/minimal/features.html]
[sindevo.com/minio/minimal/photos.html]
[sindevo.com/minio/minimal/videos.html]
[sindevo.com/minio/minimal/blog.html]
[sindevo.com/minio/minimal/contact.html]
[sindevo.com/minio/minimal/images/photos/photo12.jpg]
[sindevo.com/minio/minimal/images/menu_open_circle.png]
[sindevo.com/minio/minimal/images/icons/white/twitter.png]
[sindevo.com/minio/minimal/images/icons/white/facebook.png]
[sindevo.com/minio/minimal/images/icons/white/googleplus.png]
[sindevo.com/minio/minimal/images/icons/white/dribbble.png]
[sindevo.com/minio/minimal/images/icons/white/linkedin.png]
[sindevo.com/minio/minimal/images/icons/white/pinterest.png]
[sindevo.com/minio/minimal/js/jquery.validate.min.js]
[sindevo.com/minio/minimal/js/my-app.js]
[sindevo.com/minio/minimal/js/jquery-1.10.1.min.js]
[sindevo.com/minio/minimal/js/jquery.swipebox.js]
[sindevo.com/minio/minimal/js/jquery.fitvids.js]
[sindevo.com/minio/minimal/index.html]
[sindevo.com/minio/minimal/js/email.js]
[sindevo.com/minio/minimal/img/i-f7-ios.png]
[sindevo.com/minio/minimal/img/i-form-name-ios.svg]
[sindevo.com/minio/minimal/img/i-form-password-ios.svg]
[sindevo.com/minio/minimal/img/i-form-email-ios.svg]
[sindevo.com/minio/minimal/img/i-form-calendar-ios.svg]
[sindevo.com/minio/minimal/img/i-form-tel-ios.svg]
[sindevo.com/minio/minimal/img/i-form-gender-ios.svg]
[sindevo.com/minio/minimal/img/i-form-toggle-ios.svg]
[sindevo.com/minio/minimal/img/i-form-comment-ios.svg]
[sindevo.com/minio/minimal/img/i-form-settings-ios.svg]
[sindevo.com/minio/minimal/img/i-form-url-ios.svg]
[sindevo.com/minio/minimal/css/framework7.css]
[sindevo.com/minio/minimal/js/framework7.js]
[sindevo.com/minio/minimal/css/reset.css]
[sindevo.com/minio/minimal/images/icons/white/home.png]
[sindevo.com/minio/minimal/images/icons/white/user.png]
[sindevo.com/minio/minimal/images/icons/white/settings.png]
[sindevo.com/minio/minimal/images/icons/white/photos.png]
[sindevo.com/minio/minimal/images/icons/white/blog.png]
[sindevo.com/minio/minimal/images/icons/white/contact.png]
[sindevo.com/minio/minimal/images/icons/white/lock.png]
[sindevo.com/minio/minimal/images/icons/white/tools.png]
[sindevo.com/minio/minimal/images/icons/white/envelope.png]
[sindevo.com/minio/minimal/images/icons/white/download.png]
[sindevo.com/minio/minimal/images/icons/white/video.png]
[sindevo.com/minio/minimal/images/icons/white/heart.png]
[sindevo.com/minio/minimal/images/icons/white/logout.png]
[sindevo.com/minio/minimal/images/icons/white/toogle.png]
[sindevo.com/minio/minimal/images/icons/white/docs.png]
[sindevo.com/minio/minimal/images/icons/white/responsive.png]
[sindevo.com/minio/minimal/images/bg.jpg]
[sindevo.com/minio/minimal/images/bullet.png]
[sindevo.com/minio/minimal/images/trans_black.png]
[sindevo.com/minio/minimal/images/switch_13.png]
[sindevo.com/minio/minimal/images/switch_12.png]
[sindevo.com/minio/minimal/images/switch_11.png]
[sindevo.com/minio/minimal/images/comments.png]
[sindevo.com/minio/minimal/style.css]
[sindevo.com/minio/minimal/css/img/loader.gif]
[sindevo.com/minio/minimal/css/swipebox.css]
[sindevo.com/minio/minimal/css/img/icons.png]
[sindevo.com/minio/minimal/index-2.html]
[sindevo.com/minio/minimal/images/menu_open.png]
[sindevo.com/minio/minimal/images/page_photo.jpg]
[sindevo.com/minio/minimal/images/icons/turquoise/photos.png]
[sindevo.com/minio/minimal/images/icons/turquoise/blog.png]
[sindevo.com/minio/minimal/tabs.html]
[sindevo.com/minio/minimal/images/icons/turquoise/responsive.png]
[sindevo.com/minio/minimal/toogle.html]
[sindevo.com/minio/minimal/images/icons/turquoise/toogle.png]
[sindevo.com/minio/minimal/images/icons/turquoise/user.png]
[sindevo.com/minio/minimal/images/icons/turquoise/contact.png]
[sindevo.com/minio/minimal/images/icons/turquoise/heart.png]
[sindevo.com/minio/minimal/images/icons/turquoise/phone.png]
[sindevo.com/minio/minimal/about.html]
[sindevo.com/minio/minimal/features.html]
[sindevo.com/minio/minimal/images/switch_13_active.png]
[sindevo.com/minio/minimal/images/photos/photo1.jpg]
[sindevo.com/minio/minimal/images/photos/photo2.jpg]
[sindevo.com/minio/minimal/images/photos/photo3.jpg]
[sindevo.com/minio/minimal/images/photos/photo4.jpg]
[sindevo.com/minio/minimal/images/photos/photo5.jpg]
[sindevo.com/minio/minimal/images/photos/photo6.jpg]
[sindevo.com/minio/minimal/images/photos/photo7.jpg]
[sindevo.com/minio/minimal/images/photos/photo8.jpg]
[sindevo.com/minio/minimal/images/photos/photo9.jpg]
[sindevo.com/minio/minimal/images/photos/photo10.jpg]
[sindevo.com/minio/minimal/images/photos/photo11.jpg]
[sindevo.com/minio/minimal/images/photos/photo13.jpg]
[sindevo.com/minio/minimal/images/photos/photo14.jpg]
[sindevo.com/minio/minimal/images/photos/photo15.jpg]
[sindevo.com/minio/minimal/photos.html]
[sindevo.com/minio/minimal/videos.html]
[sindevo.com/minio/minimal/blog-single.html]
[sindevo.com/minio/minimal/images/swipe_more.png]
[sindevo.com/minio/minimal/blog.html]
[sindevo.com/minio/minimal/images/loader.gif]
[sindevo.com/minio/minimal/contact.html]
[sindevo.com/minio/minimal/img/i-f7-ios.html]
[sindevo.com/minio/minimal/img/i-form-name-ios.html]
[sindevo.com/minio/minimal/img/i-form-password-ios.html]
[sindevo.com/minio/minimal/img/i-form-email-ios.html]
[sindevo.com/minio/minimal/img/i-form-calendar-ios.html]
[sindevo.com/minio/minimal/img/i-form-tel-ios.html]
[sindevo.com/minio/minimal/img/i-form-gender-ios.html]
[sindevo.com/minio/minimal/img/i-form-toggle-ios.html]
[sindevo.com/minio/minimal/img/i-form-comment-ios.html]
[sindevo.com/minio/minimal/img/i-form-settings-ios.html]
[sindevo.com/minio/minimal/img/i-form-url-ios.html]
[sindevo.com/minio/minimal/css/reset.css]
[sindevo.com/minio/minimal/tabs.html]
[sindevo.com/minio/minimal/toogle.html]
[sindevo.com/minio/minimal/images/post_photo.jpg]
[sindevo.com/minio/minimal/images/icons/black/user.png]
[sindevo.com/minio/minimal/blog-single.html]
